
> my-v0-project@0.1.0 build
> next build

   тЦ▓ Next.js 15.0.3

   Creating an optimized production build ...
node.exe : 
Failed to 
compile.
At C:\Program F
iles\nodejs\npm
.ps1:29 char:3
+   & 
$NODE_EXE 
$NPM_CLI_JS 
$args
+   ~~~~~~~~~~~
~~~~~~~~~~~~~~~
~~~
    + Category 
   Info        
      : NotS   
 pecified:     
(Failed to     
compile.:    
String) []    
, RemoteEx    
ception
    + FullyQua 
   lifiedErro  
  rId : Nati   
 veCommandE    
rror
 

./components/la
nguage-switcher
.tsx
Module not 
found: Can't 
resolve '@/comp
onents/ui/dropd
own-menu'

https://nextjs.
org/docs/messag
es/module-not-f
ound

Import trace 
for requested 
module:
./components/si
te-header.tsx


> Build failed 
because of 
webpack errors
