components/brain-viewer-3d.tsx(7,31): error TS2307: Cannot find module 'three/src/loaders/TextureLoader' or its corresponding type declarations.
components/language-switcher.tsx(5,90): error TS2307: Cannot find module '@/components/ui/dropdown-menu' or its corresponding type declarations.
lib/auth.ts(25,35): error TS2345: Argument of type 'JWTPayload' is not assignable to parameter of type 'import("D:/coding/mri.med-taxlil.uz/node_modules/jose/dist/types/types").JWTPayload'.
  Index signature for type 'string' is missing in type 'JWTPayload'.
lib/auth.ts(39,12): error TS2352: Conversion of type 'import("D:/coding/mri.med-taxlil.uz/node_modules/jose/dist/types/types").JWTPayload' to type 'JWTPayload' may be a mistake because neither type sufficiently overlaps with the other. If this was intentional, convert the expression to 'unknown' first.
  Type 'JWTPayload' is missing the following properties from type 'JWTPayload': id, email, role
